203.110.164.178 - - [20/Nov/2018:09:30:55 +0800] "GET /dist/c2a57202c856f8b4b12a79029911f8e2.jpg HTTP/1.1" 200 395304 "http://47.105.160.188:8080/login" "Mozilla/5.0 (Macintosh; Intel Mac OS X 10_13_4) AppleWebKit/537.36 (KHTML, like Gecko) Chrome/70.0.3538.102 Safari/537.36"
203.110.164.178 - - [20/Nov/2018:09:30:56 +0800] "GET /favicon.ico HTTP/1.1" 200 730 "http://47.105.160.188:8080/login" "Mozilla/5.0 (Macintosh; Intel Mac OS X 10_13_4) AppleWebKit/537.36 (KHTML, like Gecko) Chrome/70.0.3538.102 Safari/537.36"
203.110.164.178 - - [20/Nov/2018:09:31:12 +0800] "POST /api/api-token-auth/ HTTP/1.1" 502 574 "http://47.105.160.188:8080/login" "Mozilla/5.0 (Macintosh; Intel Mac OS X 10_13_4) AppleWebKit/537.36 (KHTML, like Gecko) Chrome/70.0.3538.102 Safari/537.36"
203.110.164.178 - - [20/Nov/2018:09:31:26 +0800] "POST /api/api-token-auth/ HTTP/1.1" 502 574 "http://47.105.160.188:8080/login" "Mozilla/5.0 (Macintosh; Intel Mac OS X 10_13_4) AppleWebKit/537.36 (KHTML, like Gecko) Chrome/70.0.3538.102 Safari/537.36"
119.136.114.109 - - [20/Nov/2018:09:31:35 +0800] "GET / HTTP/1.1" 200 730 "-" "Mozilla/5.0 (Windows NT 6.1; WOW64) AppleWebKit/537.36 (KHTML, like Gecko) Chrome/67.0.3396.99 Safari/537.36"
119.136.114.109 - - [20/Nov/2018:09:31:36 +0800] "GET /dist/main.70456fb543d1645e83b1.css HTTP/1.1" 200 223529 "http://47.105.160.188:8080/" "Mozilla/5.0 (Windows NT 6.1; WOW64) AppleWebKit/537.36 (KHTML, like Gecko) Chrome/67.0.3396.99 Safari/537.36"
119.136.114.109 - - [20/Nov/2018:09:31:37 +0800] "GET /dist/main.70456fb543d1645e83b1.js HTTP/1.1" 200 109164 "http://47.105.160.188:8080/" "Mozilla/5.0 (Windows NT 6.1; WOW64) AppleWebKit/537.36 (KHTML, like Gecko) Chrome/67.0.3396.99 Safari/537.36"
119.136.114.109 - - [20/Nov/2018:09:31:38 +0800] "GET /dist/vender-exten.70456fb543d1645e83b1.js HTTP/1.1" 200 131929 "http://47.105.160.188:8080/" "Mozilla/5.0 (Windows NT 6.1; WOW64) AppleWebKit/537.36 (KHTML, like Gecko) Chrome/67.0.3396.99 Safari/537.36"
119.136.114.109 - - [20/Nov/2018:09:31:42 +0800] "GET /dist/vender-base.70456fb543d1645e83b1.js HTTP/1.1" 200 609336 "http://47.105.160.188:8080/" "Mozilla/5.0 (Windows NT 6.1; WOW64) AppleWebKit/537.36 (KHTML, like Gecko) Chrome/67.0.3396.99 Safari/537.36"
119.136.114.109 - - [20/Nov/2018:09:31:43 +0800] "GET /dist/11.70456fb543d1645e83b1.chunk.js HTTP/1.1" 200 12803 "http://47.105.160.188:8080/" "Mozilla/5.0 (Windows NT 6.1; WOW64) AppleWebKit/537.36 (KHTML, like Gecko) Chrome/67.0.3396.99 Safari/537.36"
119.136.114.109 - - [20/Nov/2018:09:31:43 +0800] "GET /favicon.ico HTTP/1.1" 200 730 "http://47.105.160.188:8080/login" "Mozilla/5.0 (Windows NT 6.1; WOW64) AppleWebKit/537.36 (KHTML, like Gecko) Chrome/67.0.3396.99 Safari/537.36"
119.136.114.109 - - [20/Nov/2018:09:31:44 +0800] "GET /dist/24712f6c47821394fba7942fbb52c3b2.ttf HTTP/1.1" 200 188508 "http://47.105.160.188:8080/dist/main.70456fb543d1645e83b1.css" "Mozilla/5.0 (Windows NT 6.1; WOW64) AppleWebKit/537.36 (KHTML, like Gecko) Chrome/67.0.3396.99 Safari/537.36"
119.136.114.109 - - [20/Nov/2018:09:31:47 +0800] "GET /dist/c2a57202c856f8b4b12a79029911f8e2.jpg HTTP/1.1" 200 395304 "http://47.105.160.188:8080/login" "Mozilla/5.0 (Windows NT 6.1; WOW64) AppleWebKit/537.36 (KHTML, like Gecko) Chrome/67.0.3396.99 Safari/537.36"
119.136.114.109 - - [20/Nov/2018:09:31:49 +0800] "POST /api/api-token-auth/ HTTP/1.1" 502 574 "http://47.105.160.188:8080/login" "Mozilla/5.0 (Windows NT 6.1; WOW64) AppleWebKit/537.36 (KHTML, like Gecko) Chrome/67.0.3396.99 Safari/537.36"
203.110.164.178 - - [20/Nov/2018:09:31:56 +0800] "POST /api/api-token-auth/ HTTP/1.1" 502 574 "http://47.105.160.188:8080/login" "Mozilla/5.0 (Macintosh; Intel Mac OS X 10_13_4) AppleWebKit/537.36 (KHTML, like Gecko) Chrome/70.0.3538.102 Safari/537.36"
119.136.114.109 - - [20/Nov/2018:09:32:16 +0800] "POST /api/api-token-auth/ HTTP/1.1" 502 574 "http://47.105.160.188:8080/login" "Mozilla/5.0 (Windows NT 6.1; WOW64) AppleWebKit/537.36 (KHTML, like Gecko) Chrome/67.0.3396.99 Safari/537.36"
203.110.164.178 - - [20/Nov/2018:09:32:22 +0800] "POST /api/api-token-auth/ HTTP/1.1" 502 574 "http://47.105.160.188:8080/login" "Mozilla/5.0 (Macintosh; Intel Mac OS X 10_13_4) AppleWebKit/537.36 (KHTML, like Gecko) Chrome/70.0.3538.102 Safari/537.36"
119.136.114.109 - - [20/Nov/2018:09:32:24 +0800] "POST /api/api-token-auth/ HTTP/1.1" 502 574 "http://47.105.160.188:8080/login" "Mozilla/5.0 (Windows NT 6.1; WOW64) AppleWebKit/537.36 (KHTML, like Gecko) Chrome/67.0.3396.99 Safari/537.36"
119.136.114.109 - - [20/Nov/2018:09:32:42 +0800] "POST /api/api-token-auth/ HTTP/1.1" 502 574 "http://47.105.160.188:8080/login" "Mozilla/5.0 (Windows NT 6.1; WOW64) AppleWebKit/537.36 (KHTML, like Gecko) Chrome/67.0.3396.99 Safari/537.36"
119.136.114.109 - - [20/Nov/2018:09:32:43 +0800] "POST /api/api-token-auth/ HTTP/1.1" 502 574 "http://47.105.160.188:8080/login" "Mozilla/5.0 (Windows NT 6.1; WOW64) AppleWebKit/537.36 (KHTML, like Gecko) Chrome/67.0.3396.99 Safari/537.36"
119.136.114.109 - - [20/Nov/2018:09:32:43 +0800] "POST /api/api-token-auth/ HTTP/1.1" 502 574 "http://47.105.160.188:8080/login" "Mozilla/5.0 (Windows NT 6.1; WOW64) AppleWebKit/537.36 (KHTML, like Gecko) Chrome/67.0.3396.99 Safari/537.36"
119.136.114.109 - - [20/Nov/2018:09:32:43 +0800] "POST /api/api-token-auth/ HTTP/1.1" 502 574 "http://47.105.160.188:8080/login" "Mozilla/5.0 (Windows NT 6.1; WOW64) AppleWebKit/537.36 (KHTML, like Gecko) Chrome/67.0.3396.99 Safari/537.36"
119.136.114.109 - - [20/Nov/2018:09:32:44 +0800] "POST /api/api-token-auth/ HTTP/1.1" 502 574 "http://47.105.160.188:8080/login" "Mozilla/5.0 (Windows NT 6.1; WOW64) AppleWebKit/537.36 (KHTML, like Gecko) Chrome/67.0.3396.99 Safari/537.36"
119.136.114.109 - - [20/Nov/2018:09:32:45 +0800] "POST /api/api-token-auth/ HTTP/1.1" 502 574 "http://47.105.160.188:8080/login" "Mozilla/5.0 (Windows NT 6.1; WOW64) AppleWebKit/537.36 (KHTML, like Gecko) Chrome/67.0.3396.99 Safari/537.36"
119.136.114.109 - - [20/Nov/2018:09:32:45 +0800] "POST /api/api-token-auth/ HTTP/1.1" 502 574 "http://47.105.160.188:8080/login" "Mozilla/5.0 (Windows NT 6.1; WOW64) AppleWebKit/537.36 (KHTML, like Gecko) Chrome/67.0.3396.99 Safari/537.36"
203.110.164.178 - - [20/Nov/2018:09:32:47 +0800] "POST /api/api-token-auth/ HTTP/1.1" 502 574 "http://47.105.160.188:8080/login" "Mozilla/5.0 (Macintosh; Intel Mac OS X 10_13_4) AppleWebKit/537.36 (KHTML, like Gecko) Chrome/70.0.3538.102 Safari/537.36"
117.28.231.17 - - [20/Nov/2018:09:33:02 +0800] "GET / HTTP/1.1" 200 730 "-" "Mozilla/5.0 (Windows NT 10.0; WOW64) AppleWebKit/537.36 (KHTML, like Gecko) Chrome/68.0.3440.106 Safari/537.36"
117.28.231.17 - - [20/Nov/2018:09:33:04 +0800] "GET /dist/main.70456fb543d1645e83b1.js HTTP/1.1" 200 109164 "http://47.105.160.188:8080/" "Mozilla/5.0 (Windows NT 10.0; WOW64) AppleWebKit/537.36 (KHTML, like Gecko) Chrome/68.0.3440.106 Safari/537.36"
117.28.231.17 - - [20/Nov/2018:09:33:05 +0800] "GET /dist/vender-exten.70456fb543d1645e83b1.js HTTP/1.1" 200 131929 "http://47.105.160.188:8080/" "Mozilla/5.0 (Windows NT 10.0; WOW64) AppleWebKit/537.36 (KHTML, like Gecko) Chrome/68.0.3440.106 Safari/537.36"
117.28.231.17 - - [20/Nov/2018:09:33:06 +0800] "GET /dist/main.70456fb543d1645e83b1.css HTTP/1.1" 200 223529 "http://47.105.160.188:8080/" "Mozilla/5.0 (Windows NT 10.0; WOW64) AppleWebKit/537.36 (KHTML, like Gecko) Chrome/68.0.3440.106 Safari/537.36"
117.28.231.17 - - [20/Nov/2018:09:33:09 +0800] "GET /dist/vender-base.70456fb543d1645e83b1.js HTTP/1.1" 200 609336 "http://47.105.160.188:8080/" "Mozilla/5.0 (Windows NT 10.0; WOW64) AppleWebKit/537.36 (KHTML, like Gecko) Chrome/68.0.3440.106 Safari/537.36"
117.28.231.17 - - [20/Nov/2018:09:33:09 +0800] "GET /dist/11.70456fb543d1645e83b1.chunk.js HTTP/1.1" 200 12803 "http://47.105.160.188:8080/" "Mozilla/5.0 (Windows NT 10.0; WOW64) AppleWebKit/537.36 (KHTML, like Gecko) Chrome/68.0.3440.106 Safari/537.36"
117.28.231.17 - - [20/Nov/2018:09:33:12 +0800] "GET /dist/24712f6c47821394fba7942fbb52c3b2.ttf HTTP/1.1" 200 188508 "http://47.105.160.188:8080/dist/main.70456fb543d1645e83b1.css" "Mozilla/5.0 (Windows NT 10.0; WOW64) AppleWebKit/537.36 (KHTML, like Gecko) Chrome/68.0.3440.106 Safari/537.36"
117.28.231.17 - - [20/Nov/2018:09:33:13 +0800] "GET /dist/c2a57202c856f8b4b12a79029911f8e2.jpg HTTP/1.1" 200 395304 "http://47.105.160.188:8080/login" "Mozilla/5.0 (Windows NT 10.0; WOW64) AppleWebKit/537.36 (KHTML, like Gecko) Chrome/68.0.3440.106 Safari/537.36"
117.28.231.17 - - [20/Nov/2018:09:33:14 +0800] "GET /favicon.ico HTTP/1.1" 200 730 "http://47.105.160.188:8080/login" "Mozilla/5.0 (Windows NT 10.0; WOW64) AppleWebKit/537.36 (KHTML, like Gecko) Chrome/68.0.3440.106 Safari/537.36"
117.28.231.17 - - [20/Nov/2018:09:33:35 +0800] "POST /api/api-token-auth/ HTTP/1.1" 502 574 "http://47.105.160.188:8080/login" "Mozilla/5.0 (Windows NT 10.0; WOW64) AppleWebKit/537.36 (KHTML, like Gecko) Chrome/68.0.3440.106 Safari/537.36"
117.28.231.17 - - [20/Nov/2018:09:33:50 +0800] "POST /api/api-token-auth/ HTTP/1.1" 502 574 "http://47.105.160.188:8080/login" "Mozilla/5.0 (Windows NT 10.0; WOW64) AppleWebKit/537.36 (KHTML, like Gecko) Chrome/68.0.3440.106 Safari/537.36"
117.28.231.17 - - [20/Nov/2018:09:34:05 +0800] "POST /api/api-token-auth/ HTTP/1.1" 502 574 "http://47.105.160.188:8080/login" "Mozilla/5.0 (Windows NT 10.0; WOW64) AppleWebKit/537.36 (KHTML, like Gecko) Chrome/68.0.3440.106 Safari/537.36"
14.130.21.237 - - [20/Nov/2018:09:34:08 +0800] "GET / HTTP/1.1" 200 730 "-" "Mozilla/5.0 (Windows NT 6.1; WOW64) AppleWebKit/537.36 (KHTML, like Gecko) Chrome/70.0.3538.102 Safari/537.36"
14.130.21.237 - - [20/Nov/2018:09:34:08 +0800] "GET /dist/main.70456fb543d1645e83b1.css HTTP/1.1" 304 0 "http://47.105.160.188:8080/" "Mozilla/5.0 (Windows NT 6.1; WOW64) AppleWebKit/537.36 (KHTML, like Gecko) Chrome/70.0.3538.102 Safari/537.36"
14.130.21.237 - - [20/Nov/2018:09:34:08 +0800] "GET /dist/vender-base.70456fb543d1645e83b1.js HTTP/1.1" 206 1 "http://47.105.160.188:8080/" "Mozilla/5.0 (Windows NT 6.1; WOW64) AppleWebKit/537.36 (KHTML, like Gecko) Chrome/70.0.3538.102 Safari/537.36"
14.130.21.237 - - [20/Nov/2018:09:34:09 +0800] "GET /dist/vender-base.70456fb543d1645e83b1.js HTTP/1.1" 206 409416 "http://47.105.160.188:8080/" "Mozilla/5.0 (Windows NT 6.1; WOW64) AppleWebKit/537.36 (KHTML, like Gecko) Chrome/70.0.3538.102 Safari/537.36"
14.130.21.237 - - [20/Nov/2018:09:34:11 +0800] "GET /dist/main.70456fb543d1645e83b1.js HTTP/1.1" 206 1 "http://47.105.160.188:8080/" "Mozilla/5.0 (Windows NT 6.1; WOW64) AppleWebKit/537.36 (KHTML, like Gecko) Chrome/70.0.3538.102 Safari/537.36"
14.130.21.237 - - [20/Nov/2018:09:34:11 +0800] "GET /dist/vender-exten.70456fb543d1645e83b1.js HTTP/1.1" 206 1 "http://47.105.160.188:8080/" "Mozilla/5.0 (Windows NT 6.1; WOW64) AppleWebKit/537.36 (KHTML, like Gecko) Chrome/70.0.3538.102 Safari/537.36"
14.130.21.237 - - [20/Nov/2018:09:34:11 +0800] "GET /dist/main.70456fb543d1645e83b1.js HTTP/1.1" 206 42048 "http://47.105.160.188:8080/" "Mozilla/5.0 (Windows NT 6.1; WOW64) AppleWebKit/537.36 (KHTML, like Gecko) Chrome/70.0.3538.102 Safari/537.36"
14.130.21.237 - - [20/Nov/2018:09:34:11 +0800] "GET /dist/vender-exten.70456fb543d1645e83b1.js HTTP/1.1" 206 71953 "http://47.105.160.188:8080/" "Mozilla/5.0 (Windows NT 6.1; WOW64) AppleWebKit/537.36 (KHTML, like Gecko) Chrome/70.0.3538.102 Safari/537.36"
14.130.21.237 - - [20/Nov/2018:09:34:12 +0800] "GET /dist/11.70456fb543d1645e83b1.chunk.js HTTP/1.1" 304 0 "http://47.105.160.188:8080/" "Mozilla/5.0 (Windows NT 6.1; WOW64) AppleWebKit/537.36 (KHTML, like Gecko) Chrome/70.0.3538.102 Safari/537.36"
14.130.21.237 - - [20/Nov/2018:09:34:12 +0800] "GET /dist/24712f6c47821394fba7942fbb52c3b2.ttf HTTP/1.1" 200 188508 "http://47.105.160.188:8080/dist/main.70456fb543d1645e83b1.css" "Mozilla/5.0 (Windows NT 6.1; WOW64) AppleWebKit/537.36 (KHTML, like Gecko) Chrome/70.0.3538.102 Safari/537.36"
14.130.21.237 - - [20/Nov/2018:09:34:12 +0800] "GET /favicon.ico HTTP/1.1" 304 0 "http://47.105.160.188:8080/login" "Mozilla/5.0 (Windows NT 6.1; WOW64) AppleWebKit/537.36 (KHTML, like Gecko) Chrome/70.0.3538.102 Safari/537.36"
14.130.21.237 - - [20/Nov/2018:09:34:15 +0800] "GET /dist/c2a57202c856f8b4b12a79029911f8e2.jpg HTTP/1.1" 200 395304 "http://47.105.160.188:8080/login" "Mozilla/5.0 (Windows NT 6.1; WOW64) AppleWebKit/537.36 (KHTML, like Gecko) Chrome/70.0.3538.102 Safari/537.36"
14.130.21.237 - - [20/Nov/2018:09:34:19 +0800] "POST /api/api-token-auth/ HTTP/1.1" 502 574 "http://47.105.160.188:8080/login" "Mozilla/5.0 (Windows NT 6.1; WOW64) AppleWebKit/537.36 (KHTML, like Gecko) Chrome/70.0.3538.102 Safari/537.36"
117.28.231.17 - - [20/Nov/2018:09:34:45 +0800] "POST /api/api-token-auth/ HTTP/1.1" 502 574 "http://47.105.160.188:8080/login" "Mozilla/5.0 (Windows NT 10.0; WOW64) AppleWebKit/537.36 (KHTML, like Gecko) Chrome/68.0.3440.106 Safari/537.36"
14.130.21.237 - - [20/Nov/2018:09:35:30 +0800] "POST /api/api-token-auth/ HTTP/1.1" 200 171 "http://47.105.160.188:8080/login" "Mozilla/5.0 (Windows NT 6.1; WOW64) AppleWebKit/537.36 (KHTML, like Gecko) Chrome/70.0.3538.102 Safari/537.36"
14.130.21.237 - - [20/Nov/2018:09:35:30 +0800] "GET /dist/0.70456fb543d1645e83b1.chunk.js HTTP/1.1" 304 0 "http://47.105.160.188:8080/login" "Mozilla/5.0 (Windows NT 6.1; WOW64) AppleWebKit/537.36 (KHTML, like Gecko) Chrome/70.0.3538.102 Safari/537.36"
14.130.21.237 - - [20/Nov/2018:09:35:31 +0800] "GET /dist/cce1a3aa586ce757cc2cbfce7ebdfde5.png HTTP/1.1" 200 3214 "http://47.105.160.188:8080/pandect/dashboard" "Mozilla/5.0 (Windows NT 6.1; WOW64) AppleWebKit/537.36 (KHTML, like Gecko) Chrome/70.0.3538.102 Safari/537.36"
14.130.21.237 - - [20/Nov/2018:09:35:31 +0800] "GET /api/dashboard/chart/ HTTP/1.1" 200 1827 "http://47.105.160.188:8080/pandect/dashboard" "Mozilla/5.0 (Windows NT 6.1; WOW64) AppleWebKit/537.36 (KHTML, like Gecko) Chrome/70.0.3538.102 Safari/537.36"
119.136.114.109 - - [20/Nov/2018:09:36:06 +0800] "POST /api/api-token-auth/ HTTP/1.1" 200 171 "http://47.105.160.188:8080/login" "Mozilla/5.0 (Windows NT 6.1; WOW64) AppleWebKit/537.36 (KHTML, like Gecko) Chrome/67.0.3396.99 Safari/537.36"
119.136.114.109 - - [20/Nov/2018:09:36:09 +0800] "GET /dist/0.70456fb543d1645e83b1.chunk.js HTTP/1.1" 200 728001 "http://47.105.160.188:8080/login" "Mozilla/5.0 (Windows NT 6.1; WOW64) AppleWebKit/537.36 (KHTML, like Gecko) Chrome/67.0.3396.99 Safari/537.36"
119.136.114.109 - - [20/Nov/2018:09:36:11 +0800] "GET /dist/cce1a3aa586ce757cc2cbfce7ebdfde5.png HTTP/1.1" 200 3214 "http://47.105.160.188:8080/pandect/dashboard" "Mozilla/5.0 (Windows NT 6.1; WOW64) AppleWebKit/537.36 (KHTML, like Gecko) Chrome/67.0.3396.99 Safari/537.36"
119.136.114.109 - - [20/Nov/2018:09:36:11 +0800] "GET /api/dashboard/chart/ HTTP/1.1" 200 1827 "http://47.105.160.188:8080/pandect/dashboard" "Mozilla/5.0 (Windows NT 6.1; WOW64) AppleWebKit/537.36 (KHTML, like Gecko) Chrome/67.0.3396.99 Safari/537.36"
119.136.114.109 - - [20/Nov/2018:09:36:16 +0800] "GET /dist/2.70456fb543d1645e83b1.chunk.js HTTP/1.1" 200 425937 "http://47.105.160.188:8080/pandect/dashboard" "Mozilla/5.0 (Windows NT 6.1; WOW64) AppleWebKit/537.36 (KHTML, like Gecko) Chrome/67.0.3396.99 Safari/537.36"
119.136.114.109 - - [20/Nov/2018:09:36:18 +0800] "GET /dist/17.70456fb543d1645e83b1.chunk.js HTTP/1.1" 200 156334 "http://47.105.160.188:8080/pandect/dashboard" "Mozilla/5.0 (Windows NT 6.1; WOW64) AppleWebKit/537.36 (KHTML, like Gecko) Chrome/67.0.3396.99 Safari/537.36"
119.136.114.109 - - [20/Nov/2018:09:36:18 +0800] "GET /api/sqlmng/personalsettings/ HTTP/1.1" 200 552 "http://47.105.160.188:8080/sqlquery/optimize" "Mozilla/5.0 (Windows NT 6.1; WOW64) AppleWebKit/537.36 (KHTML, like Gecko) Chrome/67.0.3396.99 Safari/537.36"
14.130.21.237 - - [20/Nov/2018:09:36:21 +0800] "POST /api/api-token-auth/ HTTP/1.1" 200 183 "http://47.105.160.188:8080/login" "Mozilla/5.0 (Windows NT 6.1; WOW64) AppleWebKit/537.36 (KHTML, like Gecko) Chrome/70.0.3538.102 Safari/537.36"
14.130.21.237 - - [20/Nov/2018:09:36:22 +0800] "GET /api/dashboard/chart/ HTTP/1.1" 200 1843 "http://47.105.160.188:8080/pandect/dashboard" "Mozilla/5.0 (Windows NT 6.1; WOW64) AppleWebKit/537.36 (KHTML, like Gecko) Chrome/70.0.3538.102 Safari/537.36"
119.136.114.109 - - [20/Nov/2018:09:36:22 +0800] "GET /api/sqlmng/dbconfs/3/tables/ HTTP/1.1" 200 1861 "http://47.105.160.188:8080/sqlquery/optimize" "Mozilla/5.0 (Windows NT 6.1; WOW64) AppleWebKit/537.36 (KHTML, like Gecko) Chrome/67.0.3396.99 Safari/537.36"
119.136.114.109 - - [20/Nov/2018:09:36:24 +0800] "GET /api/sqlmng/dbconfs/3/table_info/?table_name=mytable1 HTTP/1.1" 200 2044 "http://47.105.160.188:8080/sqlquery/optimize" "Mozilla/5.0 (Windows NT 6.1; WOW64) AppleWebKit/537.36 (KHTML, like Gecko) Chrome/67.0.3396.99 Safari/537.36"
119.136.114.109 - - [20/Nov/2018:09:36:28 +0800] "GET /api/sqlmng/dbconfs/3/table_info/?table_name=mytable2 HTTP/1.1" 200 2009 "http://47.105.160.188:8080/sqlquery/optimize" "Mozilla/5.0 (Windows NT 6.1; WOW64) AppleWebKit/537.36 (KHTML, like Gecko) Chrome/67.0.3396.99 Safari/537.36"
14.130.21.237 - - [20/Nov/2018:09:36:28 +0800] "GET /dist/9.70456fb543d1645e83b1.chunk.js HTTP/1.1" 200 17157 "http://47.105.160.188:8080/pandect/dashboard" "Mozilla/5.0 (Windows NT 6.1; WOW64) AppleWebKit/537.36 (KHTML, like Gecko) Chrome/70.0.3538.102 Safari/537.36"
14.130.21.237 - - [20/Nov/2018:09:36:28 +0800] "GET /api/sqlmng/inception/backup/ HTTP/1.1" 200 429 "http://47.105.160.188:8080/settings/inception" "Mozilla/5.0 (Windows NT 6.1; WOW64) AppleWebKit/537.36 (KHTML, like Gecko) Chrome/70.0.3538.102 Safari/537.36"
14.130.21.237 - - [20/Nov/2018:09:36:28 +0800] "GET /api/sqlmng/inception/connection/ HTTP/1.1" 200 347 "http://47.105.160.188:8080/settings/inception" "Mozilla/5.0 (Windows NT 6.1; WOW64) AppleWebKit/537.36 (KHTML, like Gecko) Chrome/70.0.3538.102 Safari/537.36"
14.130.21.237 - - [20/Nov/2018:09:36:28 +0800] "GET /api/sqlmng/inception/variables/?page=1&pagesize=1000&search= HTTP/1.1" 200 7308 "http://47.105.160.188:8080/settings/inception" "Mozilla/5.0 (Windows NT 6.1; WOW64) AppleWebKit/537.36 (KHTML, like Gecko) Chrome/70.0.3538.102 Safari/537.36"
14.130.21.237 - - [20/Nov/2018:09:36:32 +0800] "POST /api/sqlmng/inception/variables/ HTTP/1.1" 200 429 "http://47.105.160.188:8080/settings/inception" "Mozilla/5.0 (Windows NT 6.1; WOW64) AppleWebKit/537.36 (KHTML, like Gecko) Chrome/70.0.3538.102 Safari/537.36"
14.130.21.237 - - [20/Nov/2018:09:36:33 +0800] "POST /api/sqlmng/inception/variables/ HTTP/1.1" 200 429 "http://47.105.160.188:8080/settings/inception" "Mozilla/5.0 (Windows NT 6.1; WOW64) AppleWebKit/537.36 (KHTML, like Gecko) Chrome/70.0.3538.102 Safari/537.36"
14.130.21.237 - - [20/Nov/2018:09:36:38 +0800] "POST /api/sqlmng/inception/conncheck/ HTTP/1.1" 200 22 "http://47.105.160.188:8080/settings/inception" "Mozilla/5.0 (Windows NT 6.1; WOW64) AppleWebKit/537.36 (KHTML, like Gecko) Chrome/70.0.3538.102 Safari/537.36"
14.130.21.237 - - [20/Nov/2018:09:36:40 +0800] "GET /dist/10.70456fb543d1645e83b1.chunk.js HTTP/1.1" 304 0 "http://47.105.160.188:8080/settings/inception" "Mozilla/5.0 (Windows NT 6.1; WOW64) AppleWebKit/537.36 (KHTML, like Gecko) Chrome/70.0.3538.102 Safari/537.36"
14.130.21.237 - - [20/Nov/2018:09:36:40 +0800] "GET /api/sqlmng/authrules/?page=1&pagesize=1000&search=prd HTTP/1.1" 200 2081 "http://47.105.160.188:8080/settings/authrules" "Mozilla/5.0 (Windows NT 6.1; WOW64) AppleWebKit/537.36 (KHTML, like Gecko) Chrome/70.0.3538.102 Safari/537.36"
14.130.21.237 - - [20/Nov/2018:09:36:41 +0800] "GET /api/dashboard/chart/ HTTP/1.1" 200 2242 "http://47.105.160.188:8080/pandect/dashboard" "Mozilla/5.0 (Windows NT 6.1; WOW64) AppleWebKit/537.36 (KHTML, like Gecko) Chrome/70.0.3538.102 Safari/537.36"
119.136.114.109 - - [20/Nov/2018:09:36:58 +0800] "GET /api/sqlmng/dbconfs/3/sql_advisor/?sql=select%20*%20from%20%20mytable2; HTTP/1.1" 200 2336 "http://47.105.160.188:8080/sqlquery/optimize" "Mozilla/5.0 (Windows NT 6.1; WOW64) AppleWebKit/537.36 (KHTML, like Gecko) Chrome/67.0.3396.99 Safari/537.36"
202.104.136.196 - - [20/Nov/2018:09:37:08 +0800] "GET / HTTP/1.1" 200 730 "-" "Mozilla/5.0 (Macintosh; Intel Mac OS X 10.14; rv:63.0) Gecko/20100101 Firefox/63.0"
202.104.136.196 - - [20/Nov/2018:09:37:08 +0800] "GET /dist/main.70456fb543d1645e83b1.css HTTP/1.1" 200 223529 "http://47.105.160.188:8080/" "Mozilla/5.0 (Macintosh; Intel Mac OS X 10.14; rv:63.0) Gecko/20100101 Firefox/63.0"
202.104.136.196 - - [20/Nov/2018:09:37:11 +0800] "GET /dist/vender-exten.70456fb543d1645e83b1.js HTTP/1.1" 200 131929 "http://47.105.160.188:8080/" "Mozilla/5.0 (Macintosh; Intel Mac OS X 10.14; rv:63.0) Gecko/20100101 Firefox/63.0"
202.104.136.196 - - [20/Nov/2018:09:37:13 +0800] "GET /dist/main.70456fb543d1645e83b1.js HTTP/1.1" 200 109164 "http://47.105.160.188:8080/" "Mozilla/5.0 (Macintosh; Intel Mac OS X 10.14; rv:63.0) Gecko/20100101 Firefox/63.0"
202.104.136.196 - - [20/Nov/2018:09:37:13 +0800] "GET /favicon.ico HTTP/1.1" 200 730 "-" "Mozilla/5.0 (Macintosh; Intel Mac OS X 10.14; rv:63.0) Gecko/20100101 Firefox/63.0"
202.104.136.196 - - [20/Nov/2018:09:37:18 +0800] "GET /dist/vender-base.70456fb543d1645e83b1.js HTTP/1.1" 200 609336 "http://47.105.160.188:8080/" "Mozilla/5.0 (Macintosh; Intel Mac OS X 10.14; rv:63.0) Gecko/20100101 Firefox/63.0"
202.104.136.196 - - [20/Nov/2018:09:37:18 +0800] "GET /dist/11.70456fb543d1645e83b1.chunk.js HTTP/1.1" 200 12803 "http://47.105.160.188:8080/" "Mozilla/5.0 (Macintosh; Intel Mac OS X 10.14; rv:63.0) Gecko/20100101 Firefox/63.0"
202.104.136.196 - - [20/Nov/2018:09:37:20 +0800] "GET /dist/c2a57202c856f8b4b12a79029911f8e2.jpg HTTP/1.1" 200 395304 "http://47.105.160.188:8080/login" "Mozilla/5.0 (Macintosh; Intel Mac OS X 10.14; rv:63.0) Gecko/20100101 Firefox/63.0"
202.104.136.196 - - [20/Nov/2018:09:37:23 +0800] "GET /dist/24712f6c47821394fba7942fbb52c3b2.ttf HTTP/1.1" 200 188508 "http://47.105.160.188:8080/dist/main.70456fb543d1645e83b1.css" "Mozilla/5.0 (Macintosh; Intel Mac OS X 10.14; rv:63.0) Gecko/20100101 Firefox/63.0"
202.104.136.196 - - [20/Nov/2018:09:37:23 +0800] "GET /dist/05acfdb568b3df49ad31355b19495d4a.woff HTTP/1.1" 200 67904 "http://47.105.160.188:8080/dist/main.70456fb543d1645e83b1.css" "Mozilla/5.0 (Macintosh; Intel Mac OS X 10.14; rv:63.0) Gecko/20100101 Firefox/63.0"
119.136.114.109 - - [20/Nov/2018:09:37:29 +0800] "GET /api/sqlmng/dbconfs/3/table_info/?table_name=mytable1 HTTP/1.1" 200 2242 "http://47.105.160.188:8080/sqlquery/optimize" "Mozilla/5.0 (Windows NT 6.1; WOW64) AppleWebKit/537.36 (KHTML, like Gecko) Chrome/67.0.3396.99 Safari/537.36"
119.136.114.109 - - [20/Nov/2018:09:37:31 +0800] "GET /api/sqlmng/dbconfs/3/table_info/?table_name=mytable2 HTTP/1.1" 200 2009 "http://47.105.160.188:8080/sqlquery/optimize" "Mozilla/5.0 (Windows NT 6.1; WOW64) AppleWebKit/537.36 (KHTML, like Gecko) Chrome/67.0.3396.99 Safari/537.36"
202.104.136.196 - - [20/Nov/2018:09:37:38 +0800] "GET /dist/24712f6c47821394fba7942fbb52c3b2.ttf HTTP/1.1" 206 30676 "http://47.105.160.188:8080/dist/main.70456fb543d1645e83b1.css" "Mozilla/5.0 (Macintosh; Intel Mac OS X 10.14; rv:63.0) Gecko/20100101 Firefox/63.0"
119.136.114.109 - - [20/Nov/2018:09:37:42 +0800] "GET /api/sqlmng/dbconfs/3/sql_advisor/?sql=select%20*%20from%20%20mytable2%20where%20id=100; HTTP/1.1" 200 2663 "http://47.105.160.188:8080/sqlquery/optimize" "Mozilla/5.0 (Windows NT 6.1; WOW64) AppleWebKit/537.36 (KHTML, like Gecko) Chrome/67.0.3396.99 Safari/537.36"
202.104.136.196 - - [20/Nov/2018:09:37:43 +0800] "POST /api/api-token-auth/ HTTP/1.1" 200 171 "http://47.105.160.188:8080/login" "Mozilla/5.0 (Macintosh; Intel Mac OS X 10.14; rv:63.0) Gecko/20100101 Firefox/63.0"
202.104.136.196 - - [20/Nov/2018:09:37:47 +0800] "GET /dist/0.70456fb543d1645e83b1.chunk.js HTTP/1.1" 200 728001 "http://47.105.160.188:8080/login" "Mozilla/5.0 (Macintosh; Intel Mac OS X 10.14; rv:63.0) Gecko/20100101 Firefox/63.0"
202.104.136.196 - - [20/Nov/2018:09:37:49 +0800] "GET /dist/cce1a3aa586ce757cc2cbfce7ebdfde5.png HTTP/1.1" 200 3214 "http://47.105.160.188:8080/pandect/dashboard" "Mozilla/5.0 (Macintosh; Intel Mac OS X 10.14; rv:63.0) Gecko/20100101 Firefox/63.0"
202.104.136.196 - - [20/Nov/2018:09:37:49 +0800] "GET /api/dashboard/chart/ HTTP/1.1" 200 2226 "http://47.105.160.188:8080/pandect/dashboard" "Mozilla/5.0 (Macintosh; Intel Mac OS X 10.14; rv:63.0) Gecko/20100101 Firefox/63.0"
14.130.21.237 - - [20/Nov/2018:09:37:54 +0800] "GET /dist/3.70456fb543d1645e83b1.chunk.js HTTP/1.1" 304 0 "http://47.105.160.188:8080/pandect/dashboard" "Mozilla/5.0 (Windows NT 6.1; WOW64) AppleWebKit/537.36 (KHTML, like Gecko) Chrome/70.0.3538.102 Safari/537.36"
14.130.21.237 - - [20/Nov/2018:09:37:54 +0800] "GET /dist/17.70456fb543d1645e83b1.chunk.js HTTP/1.1" 304 0 "http://47.105.160.188:8080/pandect/dashboard" "Mozilla/5.0 (Windows NT 6.1; WOW64) AppleWebKit/537.36 (KHTML, like Gecko) Chrome/70.0.3538.102 Safari/537.36"
14.130.21.237 - - [20/Nov/2018:09:37:54 +0800] "GET /api/sqlmng/personalsettings/?env=test HTTP/1.1" 200 641 "http://47.105.160.188:8080/sqlmng/check" "Mozilla/5.0 (Windows NT 6.1; WOW64) AppleWebKit/537.36 (KHTML, like Gecko) Chrome/70.0.3538.102 Safari/537.36"
202.104.136.196 - - [20/Nov/2018:09:37:55 +0800] "GET /dist/4.70456fb543d1645e83b1.chunk.js HTTP/1.1" 200 18749 "http://47.105.160.188:8080/pandect/dashboard" "Mozilla/5.0 (Macintosh; Intel Mac OS X 10.14; rv:63.0) Gecko/20100101 Firefox/63.0"
14.130.21.237 - - [20/Nov/2018:09:37:55 +0800] "GET /dist/5.70456fb543d1645e83b1.chunk.js HTTP/1.1" 304 0 "http://47.105.160.188:8080/sqlmng/check" "Mozilla/5.0 (Windows NT 6.1; WOW64) AppleWebKit/537.36 (KHTML, like Gecko) Chrome/70.0.3538.102 Safari/537.36"
202.104.136.196 - - [20/Nov/2018:09:37:55 +0800] "GET /api/sqlmng/dbconfs/?page=1&pagesize=1000&search= HTTP/1.1" 200 2103 "http://47.105.160.188:8080/target/cluster" "Mozilla/5.0 (Macintosh; Intel Mac OS X 10.14; rv:63.0) Gecko/20100101 Firefox/63.0"
202.104.136.196 - - [20/Nov/2018:09:37:55 +0800] "GET /api/sqlmng/dbcluster/?page=1&pagesize=10&search= HTTP/1.1" 200 320 "http://47.105.160.188:8080/target/cluster" "Mozilla/5.0 (Macintosh; Intel Mac OS X 10.14; rv:63.0) Gecko/20100101 Firefox/63.0"
14.130.21.237 - - [20/Nov/2018:09:37:55 +0800] "GET /api/sqlmng/inceptions/?page=1&pagesize=10&search=&daterange= HTTP/1.1" 200 64195 "http://47.105.160.188:8080/sqlmng/inceptionList" "Mozilla/5.0 (Windows NT 6.1; WOW64) AppleWebKit/537.36 (KHTML, like Gecko) Chrome/70.0.3538.102 Safari/537.36"
14.130.21.237 - - [20/Nov/2018:09:38:04 +0800] "GET /dist/1.70456fb543d1645e83b1.chunk.js HTTP/1.1" 200 27275 "http://47.105.160.188:8080/sqlmng/inceptionList" "Mozilla/5.0 (Windows NT 6.1; WOW64) AppleWebKit/537.36 (KHTML, like Gecko) Chrome/70.0.3538.102 Safari/537.36"
14.130.21.237 - - [20/Nov/2018:09:38:04 +0800] "GET /api/sqlmng/inceptions/11 HTTP/1.1" 301 0 "http://47.105.160.188:8080/inceptionsql/11" "Mozilla/5.0 (Windows NT 6.1; WOW64) AppleWebKit/537.36 (KHTML, like Gecko) Chrome/70.0.3538.102 Safari/537.36"
14.130.21.237 - - [20/Nov/2018:09:38:05 +0800] "GET /api/sqlmng/inceptions/11/ HTTP/1.1" 200 12666 "http://47.105.160.188:8080/inceptionsql/11" "Mozilla/5.0 (Windows NT 6.1; WOW64) AppleWebKit/537.36 (KHTML, like Gecko) Chrome/70.0.3538.102 Safari/537.36"
14.130.21.237 - - [20/Nov/2018:09:38:05 +0800] "GET /api/sqlmng/suggestion/?page=1&pagesize=10&work_order_id=11 HTTP/1.1" 200 52 "http://47.105.160.188:8080/inceptionsql/11" "Mozilla/5.0 (Windows NT 6.1; WOW64) AppleWebKit/537.36 (KHTML, like Gecko) Chrome/70.0.3538.102 Safari/537.36"
202.104.136.196 - - [20/Nov/2018:09:38:06 +0800] "GET /dist/13.70456fb543d1645e83b1.chunk.js HTTP/1.1" 200 21153 "http://47.105.160.188:8080/target/cluster" "Mozilla/5.0 (Macintosh; Intel Mac OS X 10.14; rv:63.0) Gecko/20100101 Firefox/63.0"
202.104.136.196 - - [20/Nov/2018:09:38:06 +0800] "GET /api/sqlmng/dbcluster/?page=1&pagesize=1000&search= HTTP/1.1" 200 320 "http://47.105.160.188:8080/target/dblist" "Mozilla/5.0 (Macintosh; Intel Mac OS X 10.14; rv:63.0) Gecko/20100101 Firefox/63.0"
202.104.136.196 - - [20/Nov/2018:09:38:06 +0800] "GET /api/sqlmng/dbconfs/?page=1&pagesize=10&search= HTTP/1.1" 200 2103 "http://47.105.160.188:8080/target/dblist" "Mozilla/5.0 (Macintosh; Intel Mac OS X 10.14; rv:63.0) Gecko/20100101 Firefox/63.0"
119.136.114.109 - - [20/Nov/2018:09:38:08 +0800] "GET /api/sqlmng/dbconfs/3/sql_advisor/?sql=select%20*%20from%20%20mytable2%20where%20id=1; HTTP/1.1" 200 2865 "http://47.105.160.188:8080/sqlquery/optimize" "Mozilla/5.0 (Windows NT 6.1; WOW64) AppleWebKit/537.36 (KHTML, like Gecko) Chrome/67.0.3396.99 Safari/537.36"
14.130.21.237 - - [20/Nov/2018:09:38:14 +0800] "GET /api/sqlmng/personalsettings/?env=test HTTP/1.1" 200 641 "http://47.105.160.188:8080/sqlmng/check" "Mozilla/5.0 (Windows NT 6.1; WOW64) AppleWebKit/537.36 (KHTML, like Gecko) Chrome/70.0.3538.102 Safari/537.36"
14.130.21.237 - - [20/Nov/2018:09:38:16 +0800] "GET /api/dashboard/chart/ HTTP/1.1" 200 2679 "http://47.105.160.188:8080/pandect/dashboard" "Mozilla/5.0 (Windows NT 6.1; WOW64) AppleWebKit/537.36 (KHTML, like Gecko) Chrome/70.0.3538.102 Safari/537.36"
202.104.136.196 - - [20/Nov/2018:09:38:16 +0800] "POST /api/sqlmng/inception/conncheck/ HTTP/1.1" 200 22 "http://47.105.160.188:8080/target/dblist" "Mozilla/5.0 (Macintosh; Intel Mac OS X 10.14; rv:63.0) Gecko/20100101 Firefox/63.0"
202.104.136.196 - - [20/Nov/2018:09:38:17 +0800] "POST /api/sqlmng/inception/conncheck/ HTTP/1.1" 200 22 "http://47.105.160.188:8080/target/dblist" "Mozilla/5.0 (Macintosh; Intel Mac OS X 10.14; rv:63.0) Gecko/20100101 Firefox/63.0"
202.104.136.196 - - [20/Nov/2018:09:38:18 +0800] "POST /api/sqlmng/inception/conncheck/ HTTP/1.1" 200 22 "http://47.105.160.188:8080/target/dblist" "Mozilla/5.0 (Macintosh; Intel Mac OS X 10.14; rv:63.0) Gecko/20100101 Firefox/63.0"
202.104.136.196 - - [20/Nov/2018:09:38:19 +0800] "POST /api/sqlmng/inception/conncheck/ HTTP/1.1" 200 22 "http://47.105.160.188:8080/target/dblist" "Mozilla/5.0 (Macintosh; Intel Mac OS X 10.14; rv:63.0) Gecko/20100101 Firefox/63.0"
202.104.136.196 - - [20/Nov/2018:09:38:25 +0800] "GET /api/sqlmng/dbcluster/?page=1&pagesize=1000&search= HTTP/1.1" 200 320 "http://47.105.160.188:8080/target/dblist" "Mozilla/5.0 (Macintosh; Intel Mac OS X 10.14; rv:63.0) Gecko/20100101 Firefox/63.0"
202.104.136.196 - - [20/Nov/2018:09:38:25 +0800] "GET /api/sqlmng/dbconfs/?page=1&pagesize=30&search= HTTP/1.1" 200 2103 "http://47.105.160.188:8080/target/dblist" "Mozilla/5.0 (Macintosh; Intel Mac OS X 10.14; rv:63.0) Gecko/20100101 Firefox/63.0"
119.136.114.109 - - [20/Nov/2018:09:38:27 +0800] "GET /api/dashboard/chart/ HTTP/1.1" 200 2865 "http://47.105.160.188:8080/home" "Mozilla/5.0 (Windows NT 6.1; WOW64) AppleWebKit/537.36 (KHTML, like Gecko) Chrome/67.0.3396.99 Safari/537.36"
202.104.136.196 - - [20/Nov/2018:09:38:28 +0800] "GET /api/sqlmng/dbcluster/?page=1&pagesize=1000&search= HTTP/1.1" 200 320 "http://47.105.160.188:8080/target/dblist" "Mozilla/5.0 (Macintosh; Intel Mac OS X 10.14; rv:63.0) Gecko/20100101 Firefox/63.0"
202.104.136.196 - - [20/Nov/2018:09:38:28 +0800] "GET /api/sqlmng/dbconfs/?page=1&pagesize=40&search= HTTP/1.1" 200 2103 "http://47.105.160.188:8080/target/dblist" "Mozilla/5.0 (Macintosh; Intel Mac OS X 10.14; rv:63.0) Gecko/20100101 Firefox/63.0"
119.136.114.109 - - [20/Nov/2018:09:38:29 +0800] "GET /dist/3.70456fb543d1645e83b1.chunk.js HTTP/1.1" 200 426438 "http://47.105.160.188:8080/home" "Mozilla/5.0 (Windows NT 6.1; WOW64) AppleWebKit/537.36 (KHTML, like Gecko) Chrome/67.0.3396.99 Safari/537.36"
119.136.114.109 - - [20/Nov/2018:09:38:33 +0800] "GET /api/sqlmng/personalsettings/?env=test HTTP/1.1" 200 552 "http://47.105.160.188:8080/sqlmng/check" "Mozilla/5.0 (Windows NT 6.1; WOW64) AppleWebKit/537.36 (KHTML, like Gecko) Chrome/67.0.3396.99 Safari/537.36"
202.104.136.196 - - [20/Nov/2018:09:38:33 +0800] "GET /api/sqlmng/dbcluster/?page=1&pagesize=10&search= HTTP/1.1" 200 320 "http://47.105.160.188:8080/target/cluster" "Mozilla/5.0 (Macintosh; Intel Mac OS X 10.14; rv:63.0) Gecko/20100101 Firefox/63.0"
202.104.136.196 - - [20/Nov/2018:09:38:34 +0800] "GET /api/sqlmng/dbconfs/?page=1&pagesize=1000&search= HTTP/1.1" 200 2103 "http://47.105.160.188:8080/target/cluster" "Mozilla/5.0 (Macintosh; Intel Mac OS X 10.14; rv:63.0) Gecko/20100101 Firefox/63.0"
202.104.136.196 - - [20/Nov/2018:09:38:34 +0800] "GET /api/sqlmng/dbcluster/?page=1&pagesize=1000&search= HTTP/1.1" 200 320 "http://47.105.160.188:8080/target/dblist" "Mozilla/5.0 (Macintosh; Intel Mac OS X 10.14; rv:63.0) Gecko/20100101 Firefox/63.0"
202.104.136.196 - - [20/Nov/2018:09:38:34 +0800] "GET /api/sqlmng/dbconfs/?page=1&pagesize=10&search= HTTP/1.1" 200 2103 "http://47.105.160.188:8080/target/dblist" "Mozilla/5.0 (Macintosh; Intel Mac OS X 10.14; rv:63.0) Gecko/20100101 Firefox/63.0"
202.104.136.196 - - [20/Nov/2018:09:38:36 +0800] "GET /dist/2.70456fb543d1645e83b1.chunk.js HTTP/1.1" 200 425937 "http://47.105.160.188:8080/target/dblist" "Mozilla/5.0 (Macintosh; Intel Mac OS X 10.14; rv:63.0) Gecko/20100101 Firefox/63.0"
202.104.136.196 - - [20/Nov/2018:09:38:37 +0800] "GET /dist/17.70456fb543d1645e83b1.chunk.js HTTP/1.1" 200 156334 "http://47.105.160.188:8080/target/dblist" "Mozilla/5.0 (Macintosh; Intel Mac OS X 10.14; rv:63.0) Gecko/20100101 Firefox/63.0"
119.136.114.109 - - [20/Nov/2018:09:38:41 +0800] "GET /api/sqlmng/personalsettings/?env=prd HTTP/1.1" 200 552 "http://47.105.160.188:8080/sqlmng/check" "Mozilla/5.0 (Windows NT 6.1; WOW64) AppleWebKit/537.36 (KHTML, like Gecko) Chrome/67.0.3396.99 Safari/537.36"
119.136.114.109 - - [20/Nov/2018:09:38:47 +0800] "GET /dist/5.70456fb543d1645e83b1.chunk.js HTTP/1.1" 200 19582 "http://47.105.160.188:8080/sqlmng/check" "Mozilla/5.0 (Windows NT 6.1; WOW64) AppleWebKit/537.36 (KHTML, like Gecko) Chrome/67.0.3396.99 Safari/537.36"
119.136.114.109 - - [20/Nov/2018:09:38:47 +0800] "GET /api/sqlmng/inceptions/?page=1&pagesize=10&search=&daterange= HTTP/1.1" 200 69897 "http://47.105.160.188:8080/sqlmng/inceptionList" "Mozilla/5.0 (Windows NT 6.1; WOW64) AppleWebKit/537.36 (KHTML, like Gecko) Chrome/67.0.3396.99 Safari/537.36"
119.136.114.109 - - [20/Nov/2018:09:39:06 +0800] "GET /api/sqlmng/inceptions/?page=2&pagesize=10&search=&daterange= HTTP/1.1" 200 3894 "http://47.105.160.188:8080/sqlmng/inceptionList" "Mozilla/5.0 (Windows NT 6.1; WOW64) AppleWebKit/537.36 (KHTML, like Gecko) Chrome/67.0.3396.99 Safari/537.36"
119.136.114.109 - - [20/Nov/2018:09:39:07 +0800] "GET /api/sqlmng/inceptions/?page=1&pagesize=10&search=&daterange= HTTP/1.1" 200 69897 "http://47.105.160.188:8080/sqlmng/inceptionList" "Mozilla/5.0 (Windows NT 6.1; WOW64) AppleWebKit/537.36 (KHTML, like Gecko) Chrome/67.0.3396.99 Safari/537.36"
61.151.178.165 - - [20/Nov/2018:09:39:15 +0800] "GET / HTTP/1.1" 200 730 "" "Mozilla/5.0 (Windows NT 6.1; WOW64) AppleWebKit/537.36 (KHTML, like Gecko) Chrome/67.0.3396.87 Safari/537.36"
58.247.206.155 - - [20/Nov/2018:09:39:15 +0800] "GET / HTTP/1.1" 200 730 "" "Mozilla/5.0 (Linux; U; Android 4.4.4; zh-cn; MX4 Pro Build/KTU84P) AppleWebKit/534.30 (KHTML, like Gecko) Version/4.0 Mobile Safari/534.30"
61.151.178.165 - - [20/Nov/2018:09:39:17 +0800] "GET /dist/main.70456fb543d1645e83b1.js HTTP/1.1" 200 109164 "http://47.105.160.188:8080/" "Mozilla/5.0 (Windows NT 6.1; WOW64) AppleWebKit/537.36 (KHTML, like Gecko) Chrome/67.0.3396.87 Safari/537.36"
61.151.178.165 - - [20/Nov/2018:09:39:18 +0800] "GET /dist/vender-exten.70456fb543d1645e83b1.js HTTP/1.1" 200 131929 "http://47.105.160.188:8080/" "Mozilla/5.0 (Windows NT 6.1; WOW64) AppleWebKit/537.36 (KHTML, like Gecko) Chrome/67.0.3396.87 Safari/537.36"
58.247.206.155 - - [20/Nov/2018:09:39:19 +0800] "GET /dist/main.70456fb543d1645e83b1.css HTTP/1.1" 200 100640 "http://47.105.160.188:8080/" "Mozilla/5.0 (Linux; U; Android 4.4.4; zh-cn; MX4 Pro Build/KTU84P) AppleWebKit/534.30 (KHTML, like Gecko) Version/4.0 Mobile Safari/534.30"
58.247.206.140 - - [20/Nov/2018:09:39:19 +0800] "GET /dist/vender-exten.70456fb543d1645e83b1.js HTTP/1.1" 200 57120 "http://47.105.160.188:8080/" "Mozilla/5.0 (Linux; U; Android 4.4.4; zh-cn; MX4 Pro Build/KTU84P) AppleWebKit/534.30 (KHTML, like Gecko) Version/4.0 Mobile Safari/534.30"
58.247.206.145 - - [20/Nov/2018:09:39:19 +0800] "GET /dist/main.70456fb543d1645e83b1.js HTTP/1.1" 200 58480 "http://47.105.160.188:8080/" "Mozilla/5.0 (Linux; U; Android 4.4.4; zh-cn; MX4 Pro Build/KTU84P) AppleWebKit/534.30 (KHTML, like Gecko) Version/4.0 Mobile Safari/534.30"
58.247.206.155 - - [20/Nov/2018:09:39:19 +0800] "GET /dist/vender-base.70456fb543d1645e83b1.js HTTP/1.1" 200 73504 "http://47.105.160.188:8080/" "Mozilla/5.0 (Linux; U; Android 4.4.4; zh-cn; MX4 Pro Build/KTU84P) AppleWebKit/534.30 (KHTML, like Gecko) Version/4.0 Mobile Safari/534.30"
61.151.178.165 - - [20/Nov/2018:09:39:19 +0800] "GET /dist/main.70456fb543d1645e83b1.css HTTP/1.1" 200 164784 "http://47.105.160.188:8080/" "Mozilla/5.0 (Windows NT 6.1; WOW64) AppleWebKit/537.36 (KHTML, like Gecko) Chrome/67.0.3396.87 Safari/537.36"
61.151.178.165 - - [20/Nov/2018:09:39:19 +0800] "GET /dist/vender-base.70456fb543d1645e83b1.js HTTP/1.1" 200 230232 "http://47.105.160.188:8080/" "Mozilla/5.0 (Windows NT 6.1; WOW64) AppleWebKit/537.36 (KHTML, like Gecko) Chrome/67.0.3396.87 Safari/537.36"
119.136.114.109 - - [20/Nov/2018:09:39:19 +0800] "GET /dist/12.70456fb543d1645e83b1.chunk.js HTTP/1.1" 200 14878 "http://47.105.160.188:8080/sqlmng/inceptionList" "Mozilla/5.0 (Windows NT 6.1; WOW64) AppleWebKit/537.36 (KHTML, like Gecko) Chrome/67.0.3396.99 Safari/537.36"
119.136.114.109 - - [20/Nov/2018:09:39:20 +0800] "GET /api/sqlmng/dbcluster/ HTTP/1.1" 200 320 "http://47.105.160.188:8080/sqlmng/settings" "Mozilla/5.0 (Windows NT 6.1; WOW64) AppleWebKit/537.36 (KHTML, like Gecko) Chrome/67.0.3396.99 Safari/537.36"
119.136.114.109 - - [20/Nov/2018:09:39:20 +0800] "GET /api/sqlmng/personalsettings/?env=prd HTTP/1.1" 200 552 "http://47.105.160.188:8080/sqlmng/settings" "Mozilla/5.0 (Windows NT 6.1; WOW64) AppleWebKit/537.36 (KHTML, like Gecko) Chrome/67.0.3396.99 Safari/537.36"
119.136.114.109 - - [20/Nov/2018:09:39:20 +0800] "POST /api/sqlmng/autoselects/ HTTP/1.1" 200 4187 "http://47.105.160.188:8080/sqlmng/settings" "Mozilla/5.0 (Windows NT 6.1; WOW64) AppleWebKit/537.36 (KHTML, like Gecko) Chrome/67.0.3396.99 Safari/537.36"
119.136.114.109 - - [20/Nov/2018:09:39:20 +0800] "GET /api/sqlmng/personalsettings/?env=prd HTTP/1.1" 200 552 "http://47.105.160.188:8080/sqlmng/settings" "Mozilla/5.0 (Windows NT 6.1; WOW64) AppleWebKit/537.36 (KHTML, like Gecko) Chrome/67.0.3396.99 Safari/537.36"
61.151.178.165 - - [20/Nov/2018:09:39:20 +0800] "GET /dist/vender-exten.70456fb543d1645e83b1.js HTTP/1.1" 200 131929 "http://47.105.160.188:8080/" "Mozilla/5.0 (Windows NT 6.1; WOW64) AppleWebKit/537.36 (KHTML, like Gecko) Chrome/67.0.3396.87 Safari/537.36"
61.151.178.165 - - [20/Nov/2018:09:39:21 +0800] "GET /dist/main.70456fb543d1645e83b1.js HTTP/1.1" 200 109164 "http://47.105.160.188:8080/" "Mozilla/5.0 (Windows NT 6.1; WOW64) AppleWebKit/537.36 (KHTML, like Gecko) Chrome/67.0.3396.87 Safari/537.36"
58.247.206.150 - - [20/Nov/2018:09:39:22 +0800] "GET /dist/vender-exten.70456fb543d1645e83b1.js HTTP/1.1" 200 131929 "http://47.105.160.188:8080/" "Mozilla/5.0 (Linux; U; Android 4.4.4; zh-cn; MX4 Pro Build/KTU84P) AppleWebKit/534.30 (KHTML, like Gecko) Version/4.0 Mobile Safari/534.30"
58.247.206.150 - - [20/Nov/2018:09:39:23 +0800] "GET /dist/main.70456fb543d1645e83b1.js HTTP/1.1" 200 109164 "http://47.105.160.188:8080/" "Mozilla/5.0 (Linux; U; Android 4.4.4; zh-cn; MX4 Pro Build/KTU84P) AppleWebKit/534.30 (KHTML, like Gecko) Version/4.0 Mobile Safari/534.30"
119.136.114.109 - - [20/Nov/2018:09:39:25 +0800] "GET /api/sqlmng/inceptions/?page=1&pagesize=10&search=&daterange= HTTP/1.1" 200 69897 "http://47.105.160.188:8080/sqlmng/inceptionList" "Mozilla/5.0 (Windows NT 6.1; WOW64) AppleWebKit/537.36 (KHTML, like Gecko) Chrome/67.0.3396.99 Safari/537.36"
119.136.114.109 - - [20/Nov/2018:09:39:25 +0800] "GET /api/sqlmng/personalsettings/?env=test HTTP/1.1" 200 552 "http://47.105.160.188:8080/sqlmng/check" "Mozilla/5.0 (Windows NT 6.1; WOW64) AppleWebKit/537.36 (KHTML, like Gecko) Chrome/67.0.3396.99 Safari/537.36"
217.61.99.19 - - [20/Nov/2018:09:39:26 +0800] "CONNECT www.google.com:443 HTTP/1.1" 400 172 "-" "-"
119.136.114.109 - - [20/Nov/2018:09:39:27 +0800] "GET /api/dashboard/chart/ HTTP/1.1" 200 4171 "http://47.105.160.188:8080/home" "Mozilla/5.0 (Windows NT 6.1; WOW64) AppleWebKit/537.36 (KHTML, like Gecko) Chrome/67.0.3396.99 Safari/537.36"
119.136.114.109 - - [20/Nov/2018:09:39:29 +0800] "GET /dist/10.70456fb543d1645e83b1.chunk.js HTTP/1.1" 200 13509 "http://47.105.160.188:8080/home" "Mozilla/5.0 (Windows NT 6.1; WOW64) AppleWebKit/537.36 (KHTML, like Gecko) Chrome/67.0.3396.99 Safari/537.36"
119.136.114.109 - - [20/Nov/2018:09:39:29 +0800] "GET /api/sqlmng/authrules/?page=1&pagesize=1000&search=prd HTTP/1.1" 200 2081 "http://47.105.160.188:8080/settings/authrules" "Mozilla/5.0 (Windows NT 6.1; WOW64) AppleWebKit/537.36 (KHTML, like Gecko) Chrome/67.0.3396.99 Safari/537.36"
119.136.114.109 - - [20/Nov/2018:09:39:31 +0800] "GET /api/sqlmng/authrules/?page=1&pagesize=1000&search=test HTTP/1.1" 200 2094 "http://47.105.160.188:8080/settings/authrules" "Mozilla/5.0 (Windows NT 6.1; WOW64) AppleWebKit/537.36 (KHTML, like Gecko) Chrome/67.0.3396.99 Safari/537.36"
219.134.241.202 - - [20/Nov/2018:09:39:35 +0800] "GET / HTTP/1.1" 200 730 "-" "Mozilla/5.0 (Windows NT 10.0; Win64; x64) AppleWebKit/537.36 (KHTML, like Gecko) Chrome/70.0.3538.102 Safari/537.36"
119.136.114.109 - - [20/Nov/2018:09:39:35 +0800] "GET /api/sqlmng/authrules/?page=1&pagesize=1000&search=prd HTTP/1.1" 200 2081 "http://47.105.160.188:8080/settings/authrules" "Mozilla/5.0 (Windows NT 6.1; WOW64) AppleWebKit/537.36 (KHTML, like Gecko) Chrome/67.0.3396.99 Safari/537.36"
219.134.241.202 - - [20/Nov/2018:09:39:36 +0800] "GET /dist/vender-exten.70456fb543d1645e83b1.js HTTP/1.1" 200 131929 "http://47.105.160.188:8080/" "Mozilla/5.0 (Windows NT 10.0; Win64; x64) AppleWebKit/537.36 (KHTML, like Gecko) Chrome/70.0.3538.102 Safari/537.36"
119.136.114.109 - - [20/Nov/2018:09:39:36 +0800] "GET /dist/8.70456fb543d1645e83b1.chunk.js HTTP/1.1" 200 16344 "http://47.105.160.188:8080/settings/authrules" "Mozilla/5.0 (Windows NT 6.1; WOW64) AppleWebKit/537.36 (KHTML, like Gecko) Chrome/67.0.3396.99 Safari/537.36"
219.134.241.202 - - [20/Nov/2018:09:39:37 +0800] "GET /dist/main.70456fb543d1645e83b1.js HTTP/1.1" 200 109164 "http://47.105.160.188:8080/" "Mozilla/5.0 (Windows NT 10.0; Win64; x64) AppleWebKit/537.36 (KHTML, like Gecko) Chrome/70.0.3538.102 Safari/537.36"
119.136.114.109 - - [20/Nov/2018:09:39:37 +0800] "GET /api/sqlmng/forbiddenwords/ HTTP/1.1" 200 52 "http://47.105.160.188:8080/settings/platform" "Mozilla/5.0 (Windows NT 6.1; WOW64) AppleWebKit/537.36 (KHTML, like Gecko) Chrome/67.0.3396.99 Safari/537.36"
119.136.114.109 - - [20/Nov/2018:09:39:37 +0800] "GET /api/account/users/?pagesize=1000 HTTP/1.1" 200 2857 "http://47.105.160.188:8080/settings/platform" "Mozilla/5.0 (Windows NT 6.1; WOW64) AppleWebKit/537.36 (KHTML, like Gecko) Chrome/67.0.3396.99 Safari/537.36"
119.136.114.109 - - [20/Nov/2018:09:39:37 +0800] "GET /api/sqlmng/strategy/ HTTP/1.1" 200 203 "http://47.105.160.188:8080/settings/platform" "Mozilla/5.0 (Windows NT 6.1; WOW64) AppleWebKit/537.36 (KHTML, like Gecko) Chrome/67.0.3396.99 Safari/537.36"
219.134.241.202 - - [20/Nov/2018:09:39:39 +0800] "GET /dist/main.70456fb543d1645e83b1.css HTTP/1.1" 200 223529 "http://47.105.160.188:8080/" "Mozilla/5.0 (Windows NT 10.0; Win64; x64) AppleWebKit/537.36 (KHTML, like Gecko) Chrome/70.0.3538.102 Safari/537.36"
219.134.241.202 - - [20/Nov/2018:09:39:42 +0800] "GET /dist/vender-base.70456fb543d1645e83b1.js HTTP/1.1" 200 609336 "http://47.105.160.188:8080/" "Mozilla/5.0 (Windows NT 10.0; Win64; x64) AppleWebKit/537.36 (KHTML, like Gecko) Chrome/70.0.3538.102 Safari/537.36"
219.134.241.202 - - [20/Nov/2018:09:39:42 +0800] "GET /dist/11.70456fb543d1645e83b1.chunk.js HTTP/1.1" 200 12803 "http://47.105.160.188:8080/" "Mozilla/5.0 (Windows NT 10.0; Win64; x64) AppleWebKit/537.36 (KHTML, like Gecko) Chrome/70.0.3538.102 Safari/537.36"
219.134.241.202 - - [20/Nov/2018:09:39:42 +0800] "GET /favicon.ico HTTP/1.1" 200 730 "http://47.105.160.188:8080/login" "Mozilla/5.0 (Windows NT 10.0; Win64; x64) AppleWebKit/537.36 (KHTML, like Gecko) Chrome/70.0.3538.102 Safari/537.36"
119.136.114.109 - - [20/Nov/2018:09:39:44 +0800] "GET /dist/9.70456fb543d1645e83b1.chunk.js HTTP/1.1" 200 17157 "http://47.105.160.188:8080/settings/platform" "Mozilla/5.0 (Windows NT 6.1; WOW64) AppleWebKit/537.36 (KHTML, like Gecko) Chrome/67.0.3396.99 Safari/537.36"
219.134.241.202 - - [20/Nov/2018:09:39:44 +0800] "GET /dist/24712f6c47821394fba7942fbb52c3b2.ttf HTTP/1.1" 200 188508 "http://47.105.160.188:8080/dist/main.70456fb543d1645e83b1.css" "Mozilla/5.0 (Windows NT 10.0; Win64; x64) AppleWebKit/537.36 (KHTML, like Gecko) Chrome/70.0.3538.102 Safari/537.36"
119.136.114.109 - - [20/Nov/2018:09:39:44 +0800] "GET /api/sqlmng/inception/backup/ HTTP/1.1" 200 1068 "http://47.105.160.188:8080/settings/inception" "Mozilla/5.0 (Windows NT 6.1; WOW64) AppleWebKit/537.36 (KHTML, like Gecko) Chrome/67.0.3396.99 Safari/537.36"
119.136.114.109 - - [20/Nov/2018:09:39:44 +0800] "GET /api/sqlmng/inception/connection/ HTTP/1.1" 200 347 "http://47.105.160.188:8080/settings/inception" "Mozilla/5.0 (Windows NT 6.1; WOW64) AppleWebKit/537.36 (KHTML, like Gecko) Chrome/67.0.3396.99 Safari/537.36"
119.136.114.109 - - [20/Nov/2018:09:39:45 +0800] "GET /api/sqlmng/inception/variables/?page=1&pagesize=1000&search= HTTP/1.1" 200 7308 "http://47.105.160.188:8080/settings/inception" "Mozilla/5.0 (Windows NT 6.1; WOW64) AppleWebKit/537.36 (KHTML, like Gecko) Chrome/67.0.3396.99 Safari/537.36"
219.134.241.202 - - [20/Nov/2018:09:39:46 +0800] "GET /dist/c2a57202c856f8b4b12a79029911f8e2.jpg HTTP/1.1" 200 395304 "http://47.105.160.188:8080/login" "Mozilla/5.0 (Windows NT 10.0; Win64; x64) AppleWebKit/537.36 (KHTML, like Gecko) Chrome/70.0.3538.102 Safari/537.36"
202.104.136.196 - - [20/Nov/2018:09:39:47 +0800] "GET /api/sqlmng/dbcluster/?page=1&pagesize=10&search= HTTP/1.1" 200 320 "http://47.105.160.188:8080/target/cluster" "Mozilla/5.0 (Macintosh; Intel Mac OS X 10.14; rv:63.0) Gecko/20100101 Firefox/63.0"
202.104.136.196 - - [20/Nov/2018:09:39:47 +0800] "GET /api/sqlmng/dbconfs/?page=1&pagesize=1000&search= HTTP/1.1" 200 2103 "http://47.105.160.188:8080/target/cluster" "Mozilla/5.0 (Macintosh; Intel Mac OS X 10.14; rv:63.0) Gecko/20100101 Firefox/63.0"
111.204.31.186 - - [20/Nov/2018:09:39:48 +0800] "GET / HTTP/1.1" 200 730 "-" "Mozilla/5.0 (Windows NT 10.0; WOW64) AppleWebKit/537.36 (KHTML, like Gecko) Chrome/70.0.3538.67 Safari/537.36"
202.104.136.196 - - [20/Nov/2018:09:39:49 +0800] "GET /dist/6.70456fb543d1645e83b1.chunk.js HTTP/1.1" 200 23326 "http://47.105.160.188:8080/target/cluster" "Mozilla/5.0 (Macintosh; Intel Mac OS X 10.14; rv:63.0) Gecko/20100101 Firefox/63.0"
202.104.136.196 - - [20/Nov/2018:09:39:50 +0800] "GET /dist/7.70456fb543d1645e83b1.chunk.js HTTP/1.1" 200 18783 "http://47.105.160.188:8080/target/cluster" "Mozilla/5.0 (Macintosh; Intel Mac OS X 10.14; rv:63.0) Gecko/20100101 Firefox/63.0"
111.204.31.186 - - [20/Nov/2018:09:39:50 +0800] "GET /dist/main.70456fb543d1645e83b1.js HTTP/1.1" 200 109164 "http://47.105.160.188:8080/" "Mozilla/5.0 (Windows NT 10.0; WOW64) AppleWebKit/537.36 (KHTML, like Gecko) Chrome/70.0.3538.67 Safari/537.36"
111.204.31.186 - - [20/Nov/2018:09:39:50 +0800] "GET /dist/main.70456fb543d1645e83b1.css HTTP/1.1" 200 223529 "http://47.105.160.188:8080/" "Mozilla/5.0 (Windows NT 10.0; WOW64) AppleWebKit/537.36 (KHTML, like Gecko) Chrome/70.0.3538.67 Safari/537.36"
111.204.31.186 - - [20/Nov/2018:09:39:52 +0800] "GET /dist/vender-exten.70456fb543d1645e83b1.js HTTP/1.1" 200 131929 "http://47.105.160.188:8080/" "Mozilla/5.0 (Windows NT 10.0; WOW64) AppleWebKit/537.36 (KHTML, like Gecko) Chrome/70.0.3538.67 Safari/537.36"
202.104.136.196 - - [20/Nov/2018:09:39:53 +0800] "GET /api/account/groups/?page=1&pagesize=10&search= HTTP/1.1" 200 741 "http://47.105.160.188:8080/accountmng/group" "Mozilla/5.0 (Macintosh; Intel Mac OS X 10.14; rv:63.0) Gecko/20100101 Firefox/63.0"
202.104.136.196 - - [20/Nov/2018:09:39:53 +0800] "GET /api/account/permissions/ HTTP/1.1" 200 10645 "http://47.105.160.188:8080/accountmng/group" "Mozilla/5.0 (Macintosh; Intel Mac OS X 10.14; rv:63.0) Gecko/20100101 Firefox/63.0"
14.130.21.237 - - [20/Nov/2018:09:39:54 +0800] "GET /api/sqlmng/inceptions/?page=1&pagesize=10&search=&daterange= HTTP/1.1" 200 64195 "http://47.105.160.188:8080/sqlmng/inceptionList" "Mozilla/5.0 (Windows NT 6.1; WOW64) AppleWebKit/537.36 (KHTML, like Gecko) Chrome/70.0.3538.102 Safari/537.36"
111.204.31.186 - - [20/Nov/2018:09:39:55 +0800] "GET /dist/vender-base.70456fb543d1645e83b1.js HTTP/1.1" 200 609336 "http://47.105.160.188:8080/" "Mozilla/5.0 (Windows NT 10.0; WOW64) AppleWebKit/537.36 (KHTML, like Gecko) Chrome/70.0.3538.67 Safari/537.36"
111.204.31.186 - - [20/Nov/2018:09:39:56 +0800] "GET /dist/11.70456fb543d1645e83b1.chunk.js HTTP/1.1" 200 12803 "http://47.105.160.188:8080/" "Mozilla/5.0 (Windows NT 10.0; WOW64) AppleWebKit/537.36 (KHTML, like Gecko) Chrome/70.0.3538.67 Safari/537.36"
111.204.31.186 - - [20/Nov/2018:09:39:56 +0800] "GET /favicon.ico HTTP/1.1" 200 730 "http://47.105.160.188:8080/login" "Mozilla/5.0 (Windows NT 10.0; WOW64) AppleWebKit/537.36 (KHTML, like Gecko) Chrome/70.0.3538.67 Safari/537.36"
202.104.136.196 - - [20/Nov/2018:09:39:57 +0800] "GET /dist/5.70456fb543d1645e83b1.chunk.js HTTP/1.1" 200 19582 "http://47.105.160.188:8080/accountmng/group" "Mozilla/5.0 (Macintosh; Intel Mac OS X 10.14; rv:63.0) Gecko/20100101 Firefox/63.0"
